// Jest Snapshot v1, https://goo.gl/fbAQLP

exports[`stringify 1`] = `
"{}
"
`;
