// Jest Snapshot v1, https://goo.gl/fbAQLP

exports[`import check 1`] = `
Array [
  "sep",
  "name",
  "fn",
  "PathWrap",
  "win32",
  "posix",
  "upath",
  "default",
]
`;
