// Jest Snapshot v1, https://goo.gl/fbAQLP

exports[`normalize (unbind) normalize '//windows\\\\unix/mixed' 1`] = `"\\\\\\\\windows\\\\unix\\\\mixed"`;

exports[`normalize (unbind) normalize '\\\\\\\\storageserver01\\\\Active Projects\\\\ProjectA' 1`] = `"\\\\\\\\storageserver01\\\\Active Projects\\\\ProjectA"`;

exports[`normalize (unbind) normalize '\\\\windows//unix/mixed' 1`] = `"/windows/unix/mixed"`;

exports[`normalize normalize '//windows\\\\unix/mixed' 1`] = `"\\\\\\\\windows\\\\unix\\\\mixed"`;

exports[`normalize normalize '\\\\\\\\storageserver01\\\\Active Projects\\\\ProjectA' 1`] = `"\\\\\\\\storageserver01\\\\Active Projects\\\\ProjectA"`;

exports[`normalize normalize '\\\\windows//unix/mixed' 1`] = `"/windows/unix/mixed"`;
